<html>
<body>
<pre>
<h1>礦ision Build Log</h1>
<h2>Tool Versions:</h2>
IDE-Version: μVision V5.31.0.0
Copyright (C) 2020 ARM Ltd and ARM Germany GmbH. All rights reserved.
License Information: none none, none, LIC=HN0AE-5T1RU-RACDM-XSVL0-0KQDZ-3DBWD
 
Tool Versions:
Toolchain:       MDK-ARM Plus  Version: 5.31.0.0
Toolchain Path:  E:\keil arm\ARM\ARMCC\Bin
C Compiler:      Armcc.exe V5.06 update 6 (build 750)
Assembler:       Armasm.exe V5.06 update 6 (build 750)
Linker/Locator:  ArmLink.exe V5.06 update 6 (build 750)
Library Manager: ArmAr.exe V5.06 update 6 (build 750)
Hex Converter:   FromElf.exe V5.06 update 6 (build 750)
CPU DLL:         SARMCM3.DLL V5.31.0.0
Dialog DLL:      DCM.DLL V1.17.3.0
Target DLL:      CMSIS_AGDI.dll V1.32.6.0
Dialog DLL:      TCM.DLL V1.46.0.0
 
<h2>Project:</h2>
C:\Users\jiguoshengbigeng\Desktop\HC32F460 外部FLASH 下载算法\HC32F460_QSPI_Download\NewDevice.uvprojx
Project File Date:  12/05/2021

<h2>Output:</h2>
*** Using Compiler 'V5.06 update 6 (build 750)', folder: 'E:\keil arm\ARM\ARMCC\Bin'
Rebuild target 'Cortex-M'
compiling FlashDev.c...
compiling FlashPrg.c...
compiling w25qxx.c...
.\W25Qxx_Driver\driver\inc\hc32f460_exint_nmi_swi.h(148): warning:  #66-D: enumeration value is out of "int" range
      SwiCh31     = 1u << 31,
.\W25Qxx_Driver\driver\inc\hc32f460_interrupts.h(130): warning:  #66-D: enumeration value is out of "int" range
      Event31             =   1u << 31,
.\W25Qxx_Driver\driver\inc\hc32f460_interrupts.h(170): warning:  #66-D: enumeration value is out of "int" range
      Int31               =   1u << 31,
W25Qxx_Driver\w25qxx\src\w25qxx.c: 3 warnings, 0 errors
compiling hc32f460_clk.c...
compiling hc32f460_utility.c...
compiling hc32f460_gpio.c...
compiling system_hc32f460.c...
compiling hc32f460_qspi.c...
compiling hc32f460_pwc.c...
linking...
Program Size: Code=18600 RO-data=4256 RW-data=32 ZI-data=4116  
FromELF: creating hex file...
After Build - User command #1: cmd.exe /C copy "Objects\NewDevice.axf" ".\NewDevice.FLM"
已复制         1 个文件。
".\Objects\NewDevice.axf" - 0 Error(s), 3 Warning(s).

<h2>Software Packages used:</h2>

Package Vendor: HDSC
                https://raw.githubusercontent.com/hdscmcu/pack/master/HDSC.HC32F46x.1.0.2.pack
                HDSC.HC32F46x.1.0.2
                HC32F46x ARM Cortex-M4 Device Family Pack

<h2>Collection of Component include folders:</h2>
  E:\keil arm\HDSC\HC32F46x\1.0.2\Device\Include

<h2>Collection of Component Files used:</h2>
Build Time Elapsed:  00:00:02
</pre>
</body>
</html>
